// Vitest Snapshot v1, https://vitest.dev/guide/snapshot.html

exports[`Target dates rows in production (snapshot) > match the committed record 1`] = `
[
  "AUS | 2026 |  | - | - | - | own | profile |  | Transition plan in place",
  "AUS | 2028 |  | - | - | - | own | profile |  | Migration underway",
  "AUS | 2030 |  | - | - | - | own | profile |  | Traditional asymmetric cryptography ceased and migration complete",
  "AUT | 2026 | 12 | plan | published | soft-law | membership | guide | eu-roadmap | the First Steps and the start of planning and pilots for high- and medium-risk use cases",
  "AUT | 2030 | 12 | priority | published | soft-law | membership | guide | eu-roadmap | moving high-risk use cases, with quantum-safe software and firmware upgrades on by default",
  "AUT | 2035 | 12 | complete | published | soft-law | membership | guide | eu-roadmap | moving medium-risk use cases, and as many low-risk ones as feasible",
  "BEL | 2026 | 12 | plan | published | soft-law | membership | guide | eu-roadmap | the First Steps and the start of planning and pilots for high- and medium-risk use cases",
  "BEL | 2030 | 12 | priority | published | soft-law | membership | guide | eu-roadmap | moving high-risk use cases, with quantum-safe software and firmware upgrades on by default",
  "BEL | 2030 |  | - | - | - | own | profile |  | High-risk use cases migrated",
  "BEL | 2035 | 12 | complete | published | soft-law | membership | guide | eu-roadmap | moving medium-risk use cases, and as many low-risk ones as feasible",
  "BEL | 2035 |  | - | - | - | own | profile |  | Full migration of all systems complete",
  "BRA | 2026 |  | - | - | - | own | profile |  | ABIN lists the transition to post-quantum cryptography among its intelligence challenges",
  "BRA | 2026 |  | - | - | - | own | profile |  | ITI Normative Instruction 35 adds post-quantum algorithms to ICP-Brasil and the GOV.BR advanced signature",
  "BGR | 2026 | 12 | plan | published | soft-law | membership | guide | eu-roadmap | the First Steps and the start of planning and pilots for high- and medium-risk use cases",
  "BGR | 2030 | 12 | priority | published | soft-law | membership | guide | eu-roadmap | moving high-risk use cases, with quantum-safe software and firmware upgrades on by default",
  "BGR | 2035 | 12 | complete | published | soft-law | membership | guide | eu-roadmap | moving medium-risk use cases, and as many low-risk ones as feasible",
  "CAN | 2026 | 4 | plan | published | guidance | own | guide | ca-roadmap | an initial departmental migration plan",
  "CAN | 2026 | 4 | other | published | guidance | own | guide | ca-roadmap | progress reports, every year from April 2026",
  "CAN | 2026 |  | - | - | - | own | profile |  | Cryptographic modules in new procurements to support post-quantum cryptography for key establishment and digital signatures (Cyber Centre contract clauses ITSM.00.501)",
  "CAN | 2031 | 12 | priority | published | guidance | own | guide | ca-roadmap | completing migration of high priority systems",
  "CAN | 2031 |  | - | - | - | own | profile |  | High-priority Government of Canada systems migrated to post-quantum cryptography",
  "CAN | 2035 | 12 | complete | published | guidance | own | guide | ca-roadmap | completing migration of the remaining systems",
  "CAN | 2035 |  | - | - | - | own | profile |  | Remaining Government of Canada systems migrated to post-quantum cryptography",
  "HRV | 2026 | 12 | plan | published | soft-law | membership | guide | eu-roadmap | the First Steps and the start of planning and pilots for high- and medium-risk use cases",
  "HRV | 2030 | 12 | priority | published | soft-law | membership | guide | eu-roadmap | moving high-risk use cases, with quantum-safe software and firmware upgrades on by default",
  "HRV | 2030 |  | - | - | - | own | profile |  | High-risk use cases migrated",
  "HRV | 2035 | 12 | complete | published | soft-law | membership | guide | eu-roadmap | moving medium-risk use cases, and as many low-risk ones as feasible",
  "HRV | 2035 |  | - | - | - | own | profile |  | Full migration of all systems complete",
  "CYP | 2026 | 12 | plan | published | soft-law | membership | guide | eu-roadmap | the First Steps and the start of planning and pilots for high- and medium-risk use cases",
  "CYP | 2030 | 12 | priority | published | soft-law | membership | guide | eu-roadmap | moving high-risk use cases, with quantum-safe software and firmware upgrades on by default",
  "CYP | 2030 |  | - | - | - | own | profile |  | High-risk use cases migrated",
  "CYP | 2035 | 12 | complete | published | soft-law | membership | guide | eu-roadmap | moving medium-risk use cases, and as many low-risk ones as feasible",
  "CYP | 2035 |  | - | - | - | own | profile |  | Full migration of all systems complete",
  "CZE | 2026 | 12 | plan | published | soft-law | membership | guide | eu-roadmap | the First Steps and the start of planning and pilots for high- and medium-risk use cases",
  "CZE | 2030 | 12 | priority | published | soft-law | membership | guide | eu-roadmap | moving high-risk use cases, with quantum-safe software and firmware upgrades on by default",
  "CZE | 2030 |  | - | - | - | own | profile |  | High-risk use cases migrated",
  "CZE | 2035 | 12 | complete | published | soft-law | membership | guide | eu-roadmap | moving medium-risk use cases, and as many low-risk ones as feasible",
  "CZE | 2035 |  | - | - | - | own | profile |  | Full migration of all systems complete",
  "DNK | 2026 | 12 | plan | published | soft-law | membership | guide | eu-roadmap | the First Steps and the start of planning and pilots for high- and medium-risk use cases",
  "DNK | 2030 | 12 | priority | published | soft-law | membership | guide | eu-roadmap | moving high-risk use cases, with quantum-safe software and firmware upgrades on by default",
  "DNK | 2030 |  | - | - | - | own | profile |  | High-risk use cases migrated",
  "DNK | 2035 | 12 | complete | published | soft-law | membership | guide | eu-roadmap | moving medium-risk use cases, and as many low-risk ones as feasible",
  "DNK | 2035 |  | - | - | - | own | profile |  | Full migration of all systems complete",
  "EST | 2026 | 12 | plan | published | soft-law | membership | guide | eu-roadmap | the First Steps and the start of planning and pilots for high- and medium-risk use cases",
  "EST | 2030 | 12 | priority | published | soft-law | membership | guide | eu-roadmap | moving high-risk use cases, with quantum-safe software and firmware upgrades on by default",
  "EST | 2035 | 12 | complete | published | soft-law | membership | guide | eu-roadmap | moving medium-risk use cases, and as many low-risk ones as feasible",
  "EUU | 2026 | 12 | plan | published | soft-law | own | guide | eu-roadmap | the First Steps and the start of planning and pilots for high- and medium-risk use cases",
  "EUU | 2030 | 12 | priority | published | soft-law | own | guide | eu-roadmap | moving high-risk use cases, with quantum-safe software and firmware upgrades on by default",
  "EUU | 2035 | 12 | complete | published | soft-law | own | guide | eu-roadmap | moving medium-risk use cases, and as many low-risk ones as feasible",
  "FIN | 2026 | 12 | plan | published | soft-law | membership | guide | eu-roadmap | the First Steps and the start of planning and pilots for high- and medium-risk use cases",
  "FIN | 2026 |  | - | - | - | own | profile |  | National cryptography working group requires quantum-safe KEM and signatures for products entering national evaluation; hybrid strongly recommended",
  "FIN | 2030 | 12 | priority | published | soft-law | membership | guide | eu-roadmap | moving high-risk use cases, with quantum-safe software and firmware upgrades on by default",
  "FIN | 2030 |  | - | - | - | own | profile |  | High-risk use cases migrated (EU coordinated roadmap)",
  "FIN | 2035 | 12 | complete | published | soft-law | membership | guide | eu-roadmap | moving medium-risk use cases, and as many low-risk ones as feasible",
  "FIN | 2035 |  | - | - | - | own | profile |  | Full migration of all systems complete (EU coordinated roadmap)",
  "FRA | 2022 |  | - | - | - | own | profile |  | France 2030 'Cryptographie Post-Quantique' call for projects launched",
  "FRA | 2026 | 12 | plan | published | soft-law | membership | guide | eu-roadmap | the First Steps and the start of planning and pilots for high- and medium-risk use cases",
  "FRA | 2030 | 12 | priority | published | soft-law | membership | guide | eu-roadmap | moving high-risk use cases, with quantum-safe software and firmware upgrades on by default",
  "FRA | 2030 |  | procurement | published | guidance | own | guide | anssi-faq | no longer buying products without post-quantum cryptography",
  "FRA | 2030 |  | - | - | - | own | profile |  | High-risk and sensitive use cases migrated (EU coordinated roadmap)",
  "FRA | 2035 | 12 | complete | published | soft-law | membership | guide | eu-roadmap | moving medium-risk use cases, and as many low-risk ones as feasible",
  "FRA | 2035 |  | - | - | - | own | profile |  | Migration of all systems complete (EU coordinated roadmap)",
  "DEU | 2026 | 12 | plan | published | soft-law | membership | guide | eu-roadmap | the First Steps and the start of planning and pilots for high- and medium-risk use cases",
  "DEU | 2026 |  | - | - | - | own | profile |  | Federal Government goal to initiate migration in security-critical areas",
  "DEU | 2030 | 12 | priority | published | soft-law | membership | guide | eu-roadmap | moving high-risk use cases, with quantum-safe software and firmware upgrades on by default",
  "DEU | 2030 |  | - | - | - | own | profile |  | Highly sensitive applications: classical asymmetric encryption no longer used on its own; high-security applications migrated",
  "DEU | 2031 |  | - | - | - | own | profile |  | Classical asymmetric encryption no longer used on its own",
  "DEU | 2035 | 12 | complete | published | soft-law | membership | guide | eu-roadmap | moving medium-risk use cases, and as many low-risk ones as feasible",
  "DEU | 2035 |  | - | - | - | own | profile |  | Classical signatures phased out",
  "GRC | 2026 | 12 | plan | published | soft-law | membership | guide | eu-roadmap | the First Steps and the start of planning and pilots for high- and medium-risk use cases",
  "GRC | 2030 | 12 | priority | published | soft-law | membership | guide | eu-roadmap | moving high-risk use cases, with quantum-safe software and firmware upgrades on by default",
  "GRC | 2030 |  | - | - | - | own | profile |  | High-risk use cases migrated",
  "GRC | 2035 | 12 | complete | published | soft-law | membership | guide | eu-roadmap | moving medium-risk use cases, and as many low-risk ones as feasible",
  "GRC | 2035 |  | - | - | - | own | profile |  | Full migration of all systems complete",
  "HUN | 2025 |  | - | - | - | own | profile |  | Act LXIX of 2024 in force, binding post-quantum encryption obligations begin for designated organisations",
  "HUN | 2026 | 12 | plan | published | soft-law | membership | guide | eu-roadmap | the First Steps and the start of planning and pilots for high- and medium-risk use cases",
  "HUN | 2030 | 12 | priority | published | soft-law | membership | guide | eu-roadmap | moving high-risk use cases, with quantum-safe software and firmware upgrades on by default",
  "HUN | 2030 |  | - | - | - | own | profile |  | High-risk use cases migrated (EU coordinated roadmap)",
  "HUN | 2035 | 12 | complete | published | soft-law | membership | guide | eu-roadmap | moving medium-risk use cases, and as many low-risk ones as feasible",
  "HUN | 2035 |  | - | - | - | own | profile |  | Full migration of all systems complete (EU coordinated roadmap)",
  "IND | 2029 |  | - | - | - | own | profile |  | Quantum resiliency of critical information infrastructure (DST Quantum-Safe Ecosystem report)",
  "IND | 2033 |  | - | - | - | own | profile |  | Enterprise-wide post-quantum cryptography adoption (DST Quantum-Safe Ecosystem report)",
  "IND | 2035 |  | - | - | - | own | profile |  | National quantum vision horizon with post-quantum cryptography transition plan for government systems (NITI Aayog roadmap)",
  "IRL | 2026 | 12 | plan | published | soft-law | membership | guide | eu-roadmap | the First Steps and the start of planning and pilots for high- and medium-risk use cases",
  "IRL | 2030 | 12 | priority | published | soft-law | membership | guide | eu-roadmap | moving high-risk use cases, with quantum-safe software and firmware upgrades on by default",
  "IRL | 2030 |  | - | - | - | own | profile |  | High-risk use cases migrated",
  "IRL | 2035 | 12 | complete | published | soft-law | membership | guide | eu-roadmap | moving medium-risk use cases, and as many low-risk ones as feasible",
  "IRL | 2035 |  | - | - | - | own | profile |  | Full migration of all systems complete",
  "ISR | 2026 |  | - | - | - | own | profile |  | Banking corporations submit an initial post-quantum preparedness plan, within a year of the January 2025 Banking Supervision letter",
  "ITA | 2026 | 12 | plan | published | soft-law | membership | guide | eu-roadmap | the First Steps and the start of planning and pilots for high- and medium-risk use cases",
  "ITA | 2030 | 12 | priority | published | soft-law | membership | guide | eu-roadmap | moving high-risk use cases, with quantum-safe software and firmware upgrades on by default",
  "ITA | 2030 |  | - | - | - | own | profile |  | High-risk use cases migrated",
  "ITA | 2035 | 12 | complete | published | soft-law | membership | guide | eu-roadmap | moving medium-risk use cases, and as many low-risk ones as feasible",
  "ITA | 2035 |  | - | - | - | own | profile |  | Full migration of all systems complete",
  "JPN | 2026 |  | - | - | - | own | profile |  | Government post-quantum migration roadmap to be drawn up (FY2026)",
  "JPN | 2035 |  | - | - | - | own | profile |  | Government and, as a rule, industry migration to post-quantum cryptography to be completed, adjusted by information criticality",
  "LVA | 2026 | 12 | plan | published | soft-law | membership | guide | eu-roadmap | the First Steps and the start of planning and pilots for high- and medium-risk use cases",
  "LVA | 2030 | 12 | priority | published | soft-law | membership | guide | eu-roadmap | moving high-risk use cases, with quantum-safe software and firmware upgrades on by default",
  "LVA | 2030 |  | - | - | - | own | profile |  | High-risk use cases migrated",
  "LVA | 2035 | 12 | complete | published | soft-law | membership | guide | eu-roadmap | moving medium-risk use cases, and as many low-risk ones as feasible",
  "LVA | 2035 |  | - | - | - | own | profile |  | Full migration of all systems complete",
  "LTU | 2026 | 12 | plan | published | soft-law | membership | guide | eu-roadmap | the First Steps and the start of planning and pilots for high- and medium-risk use cases",
  "LTU | 2027 |  | - | - | - | own | profile |  | National plan: cryptographic inventory to be completed",
  "LTU | 2030 | 12 | priority | published | soft-law | membership | guide | eu-roadmap | moving high-risk use cases, with quantum-safe software and firmware upgrades on by default",
  "LTU | 2031 |  | - | - | - | own | profile |  | National plan: post-quantum or hybrid cryptography in high-risk systems",
  "LTU | 2035 | 12 | complete | published | soft-law | membership | guide | eu-roadmap | moving medium-risk use cases, and as many low-risk ones as feasible",
  "LTU | 2036 |  | - | - | - | own | profile |  | National plan: transition to post-quantum-only cryptography",
  "LUX | 2026 | 12 | plan | published | soft-law | membership | guide | eu-roadmap | the First Steps and the start of planning and pilots for high- and medium-risk use cases",
  "LUX | 2030 | 12 | priority | published | soft-law | membership | guide | eu-roadmap | moving high-risk use cases, with quantum-safe software and firmware upgrades on by default",
  "LUX | 2030 |  | - | - | - | own | profile |  | Critical and high-risk use cases migrated to post-quantum cryptography (EU deadline noted by ILNAS and NC3)",
  "LUX | 2035 | 12 | complete | published | soft-law | membership | guide | eu-roadmap | moving medium-risk use cases, and as many low-risk ones as feasible",
  "MLT | 2026 | 12 | plan | published | soft-law | membership | guide | eu-roadmap | the First Steps and the start of planning and pilots for high- and medium-risk use cases",
  "MLT | 2030 | 12 | priority | published | soft-law | membership | guide | eu-roadmap | moving high-risk use cases, with quantum-safe software and firmware upgrades on by default",
  "MLT | 2035 | 12 | complete | published | soft-law | membership | guide | eu-roadmap | moving medium-risk use cases, and as many low-risk ones as feasible",
  "NATO | 2022 |  | - | - | - | own | profile |  | NATO describes Alliance work on post-quantum cryptography and quantum key distribution to secure communications against the quantum threat",
  "NATO | 2024 |  | - | - | - | own | profile |  | NATO adopts its first Quantum Technologies Strategy (approved 2023), setting a quantum-safe end-state for Alliance cryptographic systems and committing Allies and NATO bodies to post-quantum cryptography and quantum key distribution",
  "NLD | 2026 | 12 | plan | published | soft-law | membership | guide | eu-roadmap | the First Steps and the start of planning and pilots for high- and medium-risk use cases",
  "NLD | 2030 | 12 | priority | published | soft-law | membership | guide | eu-roadmap | moving high-risk use cases, with quantum-safe software and firmware upgrades on by default",
  "NLD | 2030 |  | - | - | - | own | profile |  | High-risk use cases migrated (EU coordinated roadmap)",
  "NLD | 2035 | 12 | complete | published | soft-law | membership | guide | eu-roadmap | moving medium-risk use cases, and as many low-risk ones as feasible",
  "NLD | 2035 |  | - | - | - | own | profile |  | Full migration of all systems complete (EU coordinated roadmap)",
  "NZL | 2026 |  | - | - | - | own | profile |  | National Cyber Security Strategy commits GCSB to refresh its Cryptographic Products Management Infrastructure for a post-quantum world, within the 2026-2030 strategy period",
  "NOR | 2017 |  | - | - | - | own | profile |  | NSM thematic report on quantum-resistant cryptography sets out the quantum threat to public-key schemes",
  "NOR | 2025 |  | - | - | - | own | profile |  | Finanstilsynet ROS 2025 recommends financial firms adopt quantum-safe encryption and related hardware",
  "NOR | 2025 |  | - | - | - | own | profile |  | NSM Cryptographic Recommendations 2025 advise a cryptographic inventory, cryptographic agility and a plan to migrate to quantum-resistant cryptography as soon as possible",
  "POL | 2026 | 12 | plan | published | soft-law | membership | guide | eu-roadmap | the First Steps and the start of planning and pilots for high- and medium-risk use cases",
  "POL | 2026 |  | - | - | - | own | profile |  | National Institute of Telecommunications (IL-PIB) begins a security assessment of post-quantum cryptography solutions (2026-2030 outlook)",
  "POL | 2030 | 12 | priority | published | soft-law | membership | guide | eu-roadmap | moving high-risk use cases, with quantum-safe software and firmware upgrades on by default",
  "POL | 2030 |  | - | - | - | own | profile |  | High-risk use cases migrated (EU coordinated roadmap)",
  "POL | 2035 | 12 | complete | published | soft-law | membership | guide | eu-roadmap | moving medium-risk use cases, and as many low-risk ones as feasible",
  "POL | 2035 |  | - | - | - | own | profile |  | Full migration of all systems complete (EU coordinated roadmap); national quantum-technology policy phases run to 2035",
  "PRT | 2026 | 12 | plan | published | soft-law | membership | guide | eu-roadmap | the First Steps and the start of planning and pilots for high- and medium-risk use cases",
  "PRT | 2030 | 12 | priority | published | soft-law | membership | guide | eu-roadmap | moving high-risk use cases, with quantum-safe software and firmware upgrades on by default",
  "PRT | 2030 |  | - | - | - | own | profile |  | High-risk use cases migrated",
  "PRT | 2035 | 12 | complete | published | soft-law | membership | guide | eu-roadmap | moving medium-risk use cases, and as many low-risk ones as feasible",
  "PRT | 2035 |  | - | - | - | own | profile |  | Full migration of all systems complete",
  "ROU | 2026 | 12 | plan | published | soft-law | membership | guide | eu-roadmap | the First Steps and the start of planning and pilots for high- and medium-risk use cases",
  "ROU | 2030 | 12 | priority | published | soft-law | membership | guide | eu-roadmap | moving high-risk use cases, with quantum-safe software and firmware upgrades on by default",
  "ROU | 2030 |  | - | - | - | own | profile |  | High-risk use cases migrated",
  "ROU | 2035 | 12 | complete | published | soft-law | membership | guide | eu-roadmap | moving medium-risk use cases, and as many low-risk ones as feasible",
  "ROU | 2035 |  | - | - | - | own | profile |  | Full migration of all systems complete",
  "SGP | 2023 |  | - | - | - | own | profile |  | IMDA launches the National Quantum-Safe Network Plus, Southeast Asia's first quantum-safe network infrastructure",
  "SGP | 2025 |  | - | - | - | own | profile |  | CSA opens public consultation (23 Oct to 31 Dec 2025) on the Quantum-Safe Handbook, Quantum Readiness Index and draft Quantum-Safe Migration Handbook",
  "SGP | 2026 |  | - | - | - | own | profile |  | Singapore government states post-quantum cryptography will be the mainstream solution for quantum-safe migration (Committee of Supply 2026); IMDA issues a draft reference specification requiring post-quantum cryptographic techniques on the QKD module to key manager link",
  "SVK | 2026 | 12 | plan | published | soft-law | membership | guide | eu-roadmap | the First Steps and the start of planning and pilots for high- and medium-risk use cases",
  "SVK | 2030 | 12 | priority | published | soft-law | membership | guide | eu-roadmap | moving high-risk use cases, with quantum-safe software and firmware upgrades on by default",
  "SVK | 2035 | 12 | complete | published | soft-law | membership | guide | eu-roadmap | moving medium-risk use cases, and as many low-risk ones as feasible",
  "SVN | 2026 | 12 | plan | published | soft-law | membership | guide | eu-roadmap | the First Steps and the start of planning and pilots for high- and medium-risk use cases",
  "SVN | 2030 | 12 | priority | published | soft-law | membership | guide | eu-roadmap | moving high-risk use cases, with quantum-safe software and firmware upgrades on by default",
  "SVN | 2030 |  | - | - | - | own | profile |  | High-risk use cases migrated",
  "SVN | 2035 | 12 | complete | published | soft-law | membership | guide | eu-roadmap | moving medium-risk use cases, and as many low-risk ones as feasible",
  "SVN | 2035 |  | - | - | - | own | profile |  | Full migration of all systems complete",
  "KOR | 2025 |  | - | - | - | own | profile |  | Sector-by-sector PQC pilot transition support programme launched (energy, medical, public administration)",
  "KOR | 2026 |  | - | - | - | own | profile |  | Construction of a joint-certificate PKI infrastructure for the PQC transition, running through 30 November 2026",
  "KOR | 2026 |  | - | - | - | own | profile |  | PQC pilot transition project extended to telecom, finance, transport, defence and space sectors, with a re-recruitment of participating companies",
  "ESP | 2026 | 12 | plan | published | soft-law | membership | guide | eu-roadmap | the First Steps and the start of planning and pilots for high- and medium-risk use cases",
  "ESP | 2030 | 12 | priority | published | soft-law | membership | guide | eu-roadmap | moving high-risk use cases, with quantum-safe software and firmware upgrades on by default",
  "ESP | 2030 |  | - | - | - | own | profile |  | High-risk use cases migrated (EU coordinated roadmap)",
  "ESP | 2035 | 12 | complete | published | soft-law | membership | guide | eu-roadmap | moving medium-risk use cases, and as many low-risk ones as feasible",
  "ESP | 2035 |  | - | - | - | own | profile |  | Full migration of all systems complete (EU coordinated roadmap)",
  "SWE | 2026 | 12 | plan | published | soft-law | membership | guide | eu-roadmap | the First Steps and the start of planning and pilots for high- and medium-risk use cases",
  "SWE | 2030 | 12 | priority | published | soft-law | membership | guide | eu-roadmap | moving high-risk use cases, with quantum-safe software and firmware upgrades on by default",
  "SWE | 2030 |  | - | - | - | own | profile |  | Information needing protection for ten years or more migrated to quantum-safe cryptography",
  "SWE | 2035 | 12 | complete | published | soft-law | membership | guide | eu-roadmap | moving medium-risk use cases, and as many low-risk ones as feasible",
  "SWE | 2035 |  | - | - | - | own | profile |  | General transition to quantum-safe cryptography completed",
  "CHE | 2025 |  | - | - | - | own | profile |  | NCSC (BACS) publishes the current technology brief on quantum computers and post-quantum cryptography, setting out the threat, the state of progress and where further action is needed (8 December 2025)",
  "CHE | 2026 |  | - | - | - | own | profile |  | armasuisse research programme begins analysing the e-ID technology stack and developing a demonstrator for a quantum-secure e-ID architecture",
  "CHE | 2026 |  | - | - | - | own | profile |  | Federal administration public key infrastructure migration under way, moving certificates off RSA with changes to certificate algorithms and key lengths (BIT/FOITT)",
  "CHE | 2029 |  | - | - | - | own | profile |  | Post-quantum cryptography research funds for the quantum-secure e-ID work allocated through to 2029 (armasuisse)",
  "THA | 2026 |  | - | - | - | own | profile |  | Survey and risk assessment of the cryptographic estate",
  "THA | 2027 |  | - | - | - | own | profile |  | Initial transition planning",
  "THA | 2028 |  | - | - | - | own | profile |  | Migration of high-priority systems",
  "THA | 2030 |  | - | - | - | own | profile |  | Plan refinement and review",
  "THA | 2035 |  | - | - | - | own | profile |  | National transition to quantum-resistant cryptography complete",
  "ARE | 2025 |  | - | - | - | own | profile |  | National Encryption Policy and its executive regulation approved, mandating officially approved transition plans from traditional encryption to post-quantum cryptography",
  "ARE | 2026 |  | - | - | - | own | profile |  | Cyber Security Council signs agreement with the Advanced Technology Research Council to deploy and scale quantum-safe solutions across critical national infrastructure",
  "GBR | 2028 |  | plan | published | guidance | own | guide | ncsc-timelines | discovery and assessment, and an initial migration plan",
  "GBR | 2028 |  | - | - | - | own | profile |  | Complete discovery of systems and services using cryptography",
  "GBR | 2031 |  | priority | published | guidance | own | guide | ncsc-timelines | the highest-priority migration, and a refined plan",
  "GBR | 2031 |  | - | - | - | own | profile |  | Complete migration of highest-priority systems and services",
  "GBR | 2035 |  | complete | published | guidance | own | guide | ncsc-timelines | completing migration of all systems, services and products",
  "GBR | 2035 |  | - | - | - | own | profile |  | Complete migration of all systems, services and products",
  "VNM | 2026 |  | - | - | - | own | profile |  | Government Cipher Committee tasked with building Vietnam's quantum-resistant cryptography development plan for 2026 to 2030",
  "VNM | 2026 |  | - | - | - | own | profile |  | VN-PQSign hash-based post-quantum signature launched (9 Feb 2026); draft TCVN national standard presented and joint Advanced Cryptography Research Lab opened",
  "VNM | 2030 |  | - | - | - | own | profile |  | End of the 2026 to 2030 quantum-resistant cryptography development plan period",
]
`;
